{"timestamp":"2026-09-19T16:06:36.856009","level":"info","event":"DAG bundles loaded: dags-folder","logger":"airflow.dag_processing.bundles.manager.DagBundlesManager"}
{"timestamp":"2026-09-19T16:06:36.857845","level":"info","event":"Filling up the DagBag from /opt/airflow/dags/zomato_batch.py","logger":"airflow.models.dagbag.DagBag"}
{"timestamp":"2026-09-19T16:06:37.166507","level":"info","event":"Tmp dir root location: /tmp","logger":"airflow.task.hooks.airflow.providers.standard.hooks.subprocess.SubprocessHook"}
{"timestamp":"2026-09-19T16:06:37.196192","level":"info","event":"Running command: ['/usr/bin/bash', '-c', '/opt/airflow/dbt_venv/bin/dbt build --exclude tag:ai --project-dir /opt/airflow/dbt/zomato --profiles-dir /opt/airflow/dbt/zomato']","logger":"airflow.task.hooks.airflow.providers.standard.hooks.subprocess.SubprocessHook"}
{"timestamp":"2026-09-19T16:06:37.256440","level":"info","event":"Output:","logger":"airflow.task.hooks.airflow.providers.standard.hooks.subprocess.SubprocessHook"}
{"timestamp":"2026-09-19T16:06:45.962142","level":"info","event":"\u001b[0m16:06:45  Running with dbt=1.12.5","logger":"airflow.task.hooks.airflow.providers.standard.hooks.subprocess.SubprocessHook"}
{"timestamp":"2026-09-19T16:06:49.037332","level":"info","event":"\u001b[0m16:06:49  Registered adapter: snowflake=1.8.4","logger":"airflow.task.hooks.airflow.providers.standard.hooks.subprocess.SubprocessHook"}
{"timestamp":"2026-09-19T16:06:51.441816","level":"info","event":"\u001b[0m16:06:51  Found 16 models, 4 data tests, 7 sources, 506 macros","logger":"airflow.task.hooks.airflow.providers.standard.hooks.subprocess.SubprocessHook"}
{"timestamp":"2026-09-19T16:06:51.446324","level":"info","event":"\u001b[0m16:06:51  [\u001b[33mWARNING\u001b[0m]: The selection criterion 'tag:ai' does not match any enabled nodes","logger":"airflow.task.hooks.airflow.providers.standard.hooks.subprocess.SubprocessHook"}
{"timestamp":"2026-09-19T16:06:51.456006","level":"info","event":"\u001b[0m16:06:51","logger":"airflow.task.hooks.airflow.providers.standard.hooks.subprocess.SubprocessHook"}
{"timestamp":"2026-09-19T16:06:51.457406","level":"info","event":"\u001b[0m16:06:51  Concurrency: 4 threads (target='dev')","logger":"airflow.task.hooks.airflow.providers.standard.hooks.subprocess.SubprocessHook"}
{"timestamp":"2026-09-19T16:06:51.458464","level":"info","event":"\u001b[0m16:06:51","logger":"airflow.task.hooks.airflow.providers.standard.hooks.subprocess.SubprocessHook"}
{"timestamp":"2026-09-19T16:06:58.331109","level":"info","event":"\u001b[0m16:06:58  1 of 20 START sql table model marts.dim_date ................................... [RUN]","logger":"airflow.task.hooks.airflow.providers.standard.hooks.subprocess.SubprocessHook"}
{"timestamp":"2026-09-19T16:06:58.333929","level":"info","event":"\u001b[0m16:06:58  2 of 20 START sql view model staging.stg_food .................................. [RUN]","logger":"airflow.task.hooks.airflow.providers.standard.hooks.subprocess.SubprocessHook"}
{"timestamp":"2026-09-19T16:06:58.337686","level":"info","event":"\u001b[0m16:06:58  3 of 20 START sql view model staging.stg_menu .................................. [RUN]","logger":"airflow.task.hooks.airflow.providers.standard.hooks.subprocess.SubprocessHook"}
{"timestamp":"2026-09-19T16:06:58.347506","level":"info","event":"\u001b[0m16:06:58  4 of 20 START sql view model staging.stg_order_items ........................... [RUN]","logger":"airflow.task.hooks.airflow.providers.standard.hooks.subprocess.SubprocessHook"}
{"timestamp":"2026-09-19T16:07:00.357997","level":"info","event":"\u001b[0m16:07:00  3 of 20 OK created sql view model staging.stg_menu ............................. [\u001b[32mSUCCESS 1\u001b[0m in 2.00s]","logger":"airflow.task.hooks.airflow.providers.standard.hooks.subprocess.SubprocessHook"}
{"timestamp":"2026-09-19T16:07:00.366124","level":"info","event":"\u001b[0m16:07:00  5 of 20 START sql view model staging.stg_orders ................................ [RUN]","logger":"airflow.task.hooks.airflow.providers.standard.hooks.subprocess.SubprocessHook"}
{"timestamp":"2026-09-19T16:07:00.467568","level":"info","event":"\u001b[0m16:07:00  2 of 20 OK created sql view model staging.stg_food ............................. [\u001b[32mSUCCESS 1\u001b[0m in 2.11s]","logger":"airflow.task.hooks.airflow.providers.standard.hooks.subprocess.SubprocessHook"}
{"timestamp":"2026-09-19T16:07:00.487253","level":"info","event":"\u001b[0m16:07:00  6 of 20 START sql view model staging.stg_restaurants ........................... [RUN]","logger":"airflow.task.hooks.airflow.providers.standard.hooks.subprocess.SubprocessHook"}
{"timestamp":"2026-09-19T16:07:00.971494","level":"info","event":"\u001b[0m16:07:00  1 of 20 OK created sql table model marts.dim_date .............................. [\u001b[32mSUCCESS 1\u001b[0m in 2.62s]","logger":"airflow.task.hooks.airflow.providers.standard.hooks.subprocess.SubprocessHook"}
{"timestamp":"2026-09-19T16:07:00.981781","level":"info","event":"\u001b[0m16:07:00  4 of 20 OK created sql view model staging.stg_order_items ...................... [\u001b[32mSUCCESS 1\u001b[0m in 2.58s]","logger":"airflow.task.hooks.airflow.providers.standard.hooks.subprocess.SubprocessHook"}
{"timestamp":"2026-09-19T16:07:01.004662","level":"info","event":"\u001b[0m16:07:01  7 of 20 START sql view model staging.stg_users ................................. [RUN]","logger":"airflow.task.hooks.airflow.providers.standard.hooks.subprocess.SubprocessHook"}
{"timestamp":"2026-09-19T16:07:01.009027","level":"info","event":"\u001b[0m16:07:01  8 of 20 START sql table model marts.dim_food ................................... [RUN]","logger":"airflow.task.hooks.airflow.providers.standard.hooks.subprocess.SubprocessHook"}
{"timestamp":"2026-09-19T16:07:01.598748","level":"info","event":"\u001b[0m16:07:01  6 of 20 OK created sql view model staging.stg_restaurants ...................... [\u001b[32mSUCCESS 1\u001b[0m in 1.08s]","logger":"airflow.task.hooks.airflow.providers.standard.hooks.subprocess.SubprocessHook"}
{"timestamp":"2026-09-19T16:07:01.634666","level":"info","event":"\u001b[0m16:07:01  9 of 20 START sql table model marts.dim_restaurants ............................ [RUN]","logger":"airflow.task.hooks.airflow.providers.standard.hooks.subprocess.SubprocessHook"}
{"timestamp":"2026-09-19T16:07:01.794646","level":"info","event":"\u001b[0m16:07:01  5 of 20 OK created sql view model staging.stg_orders ........................... [\u001b[32mSUCCESS 1\u001b[0m in 1.42s]","logger":"airflow.task.hooks.airflow.providers.standard.hooks.subprocess.SubprocessHook"}
{"timestamp":"2026-09-19T16:07:01.819737","level":"info","event":"\u001b[0m16:07:01  10 of 20 START sql view model staging.stg_reviews .............................. [RUN]","logger":"airflow.task.hooks.airflow.providers.standard.hooks.subprocess.SubprocessHook"}
{"timestamp":"2026-09-19T16:07:02.403278","level":"info","event":"\u001b[0m16:07:02  7 of 20 OK created sql view model staging.stg_users ............................ [\u001b[32mSUCCESS 1\u001b[0m in 1.39s]","logger":"airflow.task.hooks.airflow.providers.standard.hooks.subprocess.SubprocessHook"}
{"timestamp":"2026-09-19T16:07:02.407462","level":"info","event":"\u001b[0m16:07:02  11 of 20 START sql incremental model marts.fact_order_items .................... [RUN]","logger":"airflow.task.hooks.airflow.providers.standard.hooks.subprocess.SubprocessHook"}
{"timestamp":"2026-09-19T16:07:02.806993","level":"info","event":"\u001b[0m16:07:02  8 of 20 OK created sql table model marts.dim_food .............................. [\u001b[32mSUCCESS 1\u001b[0m in 1.79s]","logger":"airflow.task.hooks.airflow.providers.standard.hooks.subprocess.SubprocessHook"}
{"timestamp":"2026-09-19T16:07:02.816701","level":"info","event":"\u001b[0m16:07:02  12 of 20 START sql incremental model marts.fct_orders .......................... [RUN]","logger":"airflow.task.hooks.airflow.providers.standard.hooks.subprocess.SubprocessHook"}
{"timestamp":"2026-09-19T16:07:03.112573","level":"info","event":"\u001b[0m16:07:03  10 of 20 OK created sql view model staging.stg_reviews ......................... [\u001b[32mSUCCESS 1\u001b[0m in 1.28s]","logger":"airflow.task.hooks.airflow.providers.standard.hooks.subprocess.SubprocessHook"}
{"timestamp":"2026-09-19T16:07:03.119642","level":"info","event":"\u001b[0m16:07:03  13 of 20 START sql table model marts.dim_customer .............................. [RUN]","logger":"airflow.task.hooks.airflow.providers.standard.hooks.subprocess.SubprocessHook"}
{"timestamp":"2026-09-19T16:07:04.309466","level":"info","event":"\u001b[0m16:07:04  9 of 20 OK created sql table model marts.dim_restaurants ....................... [\u001b[32mSUCCESS 1\u001b[0m in 2.65s]","logger":"airflow.task.hooks.airflow.providers.standard.hooks.subprocess.SubprocessHook"}
{"timestamp":"2026-09-19T16:07:04.652322","level":"info","event":"\u001b[0m16:07:04  13 of 20 OK created sql table model marts.dim_customer ......................... [\u001b[32mSUCCESS 1\u001b[0m in 1.51s]","logger":"airflow.task.hooks.airflow.providers.standard.hooks.subprocess.SubprocessHook"}
{"timestamp":"2026-09-19T16:07:06.722120","level":"info","event":"\u001b[0m16:07:06  11 of 20 OK created sql incremental model marts.fact_order_items ............... [\u001b[32mSUCCESS 0\u001b[0m in 4.30s]","logger":"airflow.task.hooks.airflow.providers.standard.hooks.subprocess.SubprocessHook"}
{"timestamp":"2026-09-19T16:07:07.534584","level":"info","event":"\u001b[0m16:07:07  12 of 20 OK created sql incremental model marts.fct_orders ..................... [\u001b[32mSUCCESS 0\u001b[0m in 4.71s]","logger":"airflow.task.hooks.airflow.providers.standard.hooks.subprocess.SubprocessHook"}
{"timestamp":"2026-09-19T16:07:07.547854","level":"info","event":"\u001b[0m16:07:07  14 of 20 START test accepted_values_fct_orders_order_status__Delivered__Cancelled__Refunded  [RUN]","logger":"airflow.task.hooks.airflow.providers.standard.hooks.subprocess.SubprocessHook"}
{"timestamp":"2026-09-19T16:07:07.553062","level":"info","event":"\u001b[0m16:07:07  15 of 20 START test not_null_fct_orders_order_id ............................... [RUN]","logger":"airflow.task.hooks.airflow.providers.standard.hooks.subprocess.SubprocessHook"}
{"timestamp":"2026-09-19T16:07:07.557944","level":"info","event":"\u001b[0m16:07:07  16 of 20 START test relationships_fct_orders_customer_id__customer_id__ref_dim_customer_  [RUN]","logger":"airflow.task.hooks.airflow.providers.standard.hooks.subprocess.SubprocessHook"}
{"timestamp":"2026-09-19T16:07:07.561033","level":"info","event":"\u001b[0m16:07:07  17 of 20 START test unique_fct_orders_order_id ................................. [RUN]","logger":"airflow.task.hooks.airflow.providers.standard.hooks.subprocess.SubprocessHook"}
{"timestamp":"2026-09-19T16:07:09.873687","level":"info","event":"\u001b[0m16:07:09  16 of 20 FAIL 10000000 relationships_fct_orders_customer_id__customer_id__ref_dim_customer_  [\u001b[31mFAIL 10000000\u001b[0m in 2.30s]","logger":"airflow.task.hooks.airflow.providers.standard.hooks.subprocess.SubprocessHook"}
{"timestamp":"2026-09-19T16:07:09.980060","level":"info","event":"\u001b[0m16:07:09  15 of 20 PASS not_null_fct_orders_order_id ..................................... [\u001b[32mPASS\u001b[0m in 2.41s]","logger":"airflow.task.hooks.airflow.providers.standard.hooks.subprocess.SubprocessHook"}
{"timestamp":"2026-09-19T16:07:10.183620","level":"info","event":"\u001b[0m16:07:10  17 of 20 PASS unique_fct_orders_order_id ....................................... [\u001b[32mPASS\u001b[0m in 2.60s]","logger":"airflow.task.hooks.airflow.providers.standard.hooks.subprocess.SubprocessHook"}
{"timestamp":"2026-09-19T16:07:10.187232","level":"info","event":"\u001b[0m16:07:10  14 of 20 PASS accepted_values_fct_orders_order_status__Delivered__Cancelled__Refunded  [\u001b[32mPASS\u001b[0m in 2.62s]","logger":"airflow.task.hooks.airflow.providers.standard.hooks.subprocess.SubprocessHook"}
{"timestamp":"2026-09-19T16:07:10.201004","level":"info","event":"\u001b[0m16:07:10  18 of 20 START sql table model marts.mart_daily_city_revenue ................... [RUN]","logger":"airflow.task.hooks.airflow.providers.standard.hooks.subprocess.SubprocessHook"}
{"timestamp":"2026-09-19T16:07:10.203595","level":"info","event":"\u001b[0m16:07:10  19 of 20 START sql table model marts.mart_delivery_sla ......................... [RUN]","logger":"airflow.task.hooks.airflow.providers.standard.hooks.subprocess.SubprocessHook"}
{"timestamp":"2026-09-19T16:07:10.205581","level":"info","event":"\u001b[0m16:07:10  20 of 20 START sql table model marts.mart_restaurant_performance ............... [RUN]","logger":"airflow.task.hooks.airflow.providers.standard.hooks.subprocess.SubprocessHook"}
{"timestamp":"2026-09-19T16:07:13.154077","level":"info","event":"\u001b[0m16:07:13  18 of 20 OK created sql table model marts.mart_daily_city_revenue .............. [\u001b[32mSUCCESS 1\u001b[0m in 2.94s]","logger":"airflow.task.hooks.airflow.providers.standard.hooks.subprocess.SubprocessHook"}
{"timestamp":"2026-09-19T16:07:14.488176","level":"info","event":"\u001b[0m16:07:14  19 of 20 OK created sql table model marts.mart_delivery_sla .................... [\u001b[32mSUCCESS 1\u001b[0m in 4.28s]","logger":"airflow.task.hooks.airflow.providers.standard.hooks.subprocess.SubprocessHook"}
{"timestamp":"2026-09-19T16:07:14.794009","level":"info","event":"\u001b[0m16:07:14  20 of 20 OK created sql table model marts.mart_restaurant_performance .......... [\u001b[32mSUCCESS 1\u001b[0m in 4.58s]","logger":"airflow.task.hooks.airflow.providers.standard.hooks.subprocess.SubprocessHook"}
{"timestamp":"2026-09-19T16:07:14.809653","level":"info","event":"\u001b[0m16:07:14","logger":"airflow.task.hooks.airflow.providers.standard.hooks.subprocess.SubprocessHook"}
{"timestamp":"2026-09-19T16:07:14.812120","level":"info","event":"\u001b[0m16:07:14  Finished running 2 incremental models, 7 table models, 4 data tests, 7 view models in 0 hours 0 minutes and 23.35 seconds (23.35s).","logger":"airflow.task.hooks.airflow.providers.standard.hooks.subprocess.SubprocessHook"}
{"timestamp":"2026-09-19T16:07:15.119969","level":"info","event":"\u001b[0m16:07:15","logger":"airflow.task.hooks.airflow.providers.standard.hooks.subprocess.SubprocessHook"}
{"timestamp":"2026-09-19T16:07:15.121458","level":"info","event":"\u001b[0m16:07:15  \u001b[31mCompleted with 1 error, 0 partial successes, and 0 warnings:\u001b[0m","logger":"airflow.task.hooks.airflow.providers.standard.hooks.subprocess.SubprocessHook"}
{"timestamp":"2026-09-19T16:07:15.122780","level":"info","event":"\u001b[0m16:07:15","logger":"airflow.task.hooks.airflow.providers.standard.hooks.subprocess.SubprocessHook"}
{"timestamp":"2026-09-19T16:07:15.124291","level":"info","event":"\u001b[0m16:07:15  [\u001b[31mERROR\u001b[0m]: in test relationships_fct_orders_customer_id__customer_id__ref_dim_customer_ (models/marts/_marts.yml)","logger":"airflow.task.hooks.airflow.providers.standard.hooks.subprocess.SubprocessHook"}
{"timestamp":"2026-09-19T16:07:15.125727","level":"info","event":"\u001b[0m16:07:15    Got 10000000 results, configured to fail if != 0","logger":"airflow.task.hooks.airflow.providers.standard.hooks.subprocess.SubprocessHook"}
{"timestamp":"2026-09-19T16:07:15.126786","level":"info","event":"\u001b[0m16:07:15","logger":"airflow.task.hooks.airflow.providers.standard.hooks.subprocess.SubprocessHook"}
{"timestamp":"2026-09-19T16:07:15.131877","level":"info","event":"\u001b[0m16:07:15    compiled code at target/compiled/zomato/models/marts/_marts.yml/relationships_fct_orders_96844cf2bcf2257acb2e513040100c8c.sql","logger":"airflow.task.hooks.airflow.providers.standard.hooks.subprocess.SubprocessHook"}
{"timestamp":"2026-09-19T16:07:15.133475","level":"info","event":"\u001b[0m16:07:15","logger":"airflow.task.hooks.airflow.providers.standard.hooks.subprocess.SubprocessHook"}
{"timestamp":"2026-09-19T16:07:15.135014","level":"info","event":"\u001b[0m16:07:15  Done. PASS=19 WARN=0 ERROR=1 SKIP=0 NO-OP=0 REUSED=0 TOTAL=20","logger":"airflow.task.hooks.airflow.providers.standard.hooks.subprocess.SubprocessHook"}
{"timestamp":"2026-09-19T16:07:18.133397","level":"info","event":"Command exited with return code 1","logger":"airflow.task.hooks.airflow.providers.standard.hooks.subprocess.SubprocessHook"}
{"timestamp":"2026-09-19T16:07:18.151530","level":"error","event":"Task failed with exception","logger":"task","error_detail":[{"exc_type":"AirflowException","exc_value":"Bash command failed. The command returned a non-zero exit code 1.","exc_notes":[],"syntax_error":null,"is_cause":false,"frames":[{"filename":"/home/airflow/.local/lib/python3.12/site-packages/airflow/sdk/execution_time/task_runner.py","lineno":877,"name":"run"},{"filename":"/home/airflow/.local/lib/python3.12/site-packages/airflow/sdk/execution_time/task_runner.py","lineno":1164,"name":"_execute_task"},{"filename":"/home/airflow/.local/lib/python3.12/site-packages/airflow/sdk/bases/operator.py","lineno":397,"name":"wrapper"},{"filename":"/home/airflow/.local/lib/python3.12/site-packages/airflow/providers/standard/operators/bash.py","lineno":232,"name":"execute"}],"is_group":false,"exceptions":[]}]}
