{"timestamp":"2026-09-19T16:06:36.852010","level":"info","event":"DAG bundles loaded: dags-folder","logger":"airflow.dag_processing.bundles.manager.DagBundlesManager"}
{"timestamp":"2026-09-19T16:06:36.857824","level":"info","event":"Filling up the DagBag from /opt/airflow/dags/zomato_batch.py","logger":"airflow.models.dagbag.DagBag"}
{"timestamp":"2026-09-19T16:06:37.154900","level":"info","event":"Tmp dir root location: /tmp","logger":"airflow.task.hooks.airflow.providers.standard.hooks.subprocess.SubprocessHook"}
{"timestamp":"2026-09-19T16:06:37.191159","level":"info","event":"Running command: ['/usr/bin/bash', '-c', '/opt/airflow/dbt_venv/bin/dbt build --exclude tag:ai --project-dir /opt/airflow/dbt/zomato --profiles-dir /opt/airflow/dbt/zomato']","logger":"airflow.task.hooks.airflow.providers.standard.hooks.subprocess.SubprocessHook"}
{"timestamp":"2026-09-19T16:06:37.255348","level":"info","event":"Output:","logger":"airflow.task.hooks.airflow.providers.standard.hooks.subprocess.SubprocessHook"}
{"timestamp":"2026-09-19T16:06:45.962573","level":"info","event":"\u001b[0m16:06:45  Running with dbt=1.12.5","logger":"airflow.task.hooks.airflow.providers.standard.hooks.subprocess.SubprocessHook"}
{"timestamp":"2026-09-19T16:06:49.036418","level":"info","event":"\u001b[0m16:06:49  Registered adapter: snowflake=1.8.4","logger":"airflow.task.hooks.airflow.providers.standard.hooks.subprocess.SubprocessHook"}
{"timestamp":"2026-09-19T16:06:51.443312","level":"info","event":"\u001b[0m16:06:51  Found 16 models, 4 data tests, 7 sources, 506 macros","logger":"airflow.task.hooks.airflow.providers.standard.hooks.subprocess.SubprocessHook"}
{"timestamp":"2026-09-19T16:06:51.453633","level":"info","event":"\u001b[0m16:06:51  [\u001b[33mWARNING\u001b[0m]: The selection criterion 'tag:ai' does not match any enabled nodes","logger":"airflow.task.hooks.airflow.providers.standard.hooks.subprocess.SubprocessHook"}
{"timestamp":"2026-09-19T16:06:51.458608","level":"info","event":"\u001b[0m16:06:51","logger":"airflow.task.hooks.airflow.providers.standard.hooks.subprocess.SubprocessHook"}
{"timestamp":"2026-09-19T16:06:51.460044","level":"info","event":"\u001b[0m16:06:51  Concurrency: 4 threads (target='dev')","logger":"airflow.task.hooks.airflow.providers.standard.hooks.subprocess.SubprocessHook"}
{"timestamp":"2026-09-19T16:06:51.461282","level":"info","event":"\u001b[0m16:06:51","logger":"airflow.task.hooks.airflow.providers.standard.hooks.subprocess.SubprocessHook"}
{"timestamp":"2026-09-19T16:06:58.135566","level":"info","event":"\u001b[0m16:06:58  1 of 20 START sql table model marts.dim_date ................................... [RUN]","logger":"airflow.task.hooks.airflow.providers.standard.hooks.subprocess.SubprocessHook"}
{"timestamp":"2026-09-19T16:06:58.138209","level":"info","event":"\u001b[0m16:06:58  2 of 20 START sql view model staging.stg_food .................................. [RUN]","logger":"airflow.task.hooks.airflow.providers.standard.hooks.subprocess.SubprocessHook"}
{"timestamp":"2026-09-19T16:06:58.140062","level":"info","event":"\u001b[0m16:06:58  3 of 20 START sql view model staging.stg_menu .................................. [RUN]","logger":"airflow.task.hooks.airflow.providers.standard.hooks.subprocess.SubprocessHook"}
{"timestamp":"2026-09-19T16:06:58.143661","level":"info","event":"\u001b[0m16:06:58  4 of 20 START sql view model staging.stg_order_items ........................... [RUN]","logger":"airflow.task.hooks.airflow.providers.standard.hooks.subprocess.SubprocessHook"}
{"timestamp":"2026-09-19T16:06:59.864143","level":"info","event":"\u001b[0m16:06:59  2 of 20 OK created sql view model staging.stg_food ............................. [\u001b[32mSUCCESS 1\u001b[0m in 1.69s]","logger":"airflow.task.hooks.airflow.providers.standard.hooks.subprocess.SubprocessHook"}
{"timestamp":"2026-09-19T16:06:59.872703","level":"info","event":"\u001b[0m16:06:59  5 of 20 START sql view model staging.stg_orders ................................ [RUN]","logger":"airflow.task.hooks.airflow.providers.standard.hooks.subprocess.SubprocessHook"}
{"timestamp":"2026-09-19T16:06:59.950016","level":"info","event":"\u001b[0m16:06:59  4 of 20 OK created sql view model staging.stg_order_items ...................... [\u001b[32mSUCCESS 1\u001b[0m in 1.79s]","logger":"airflow.task.hooks.airflow.providers.standard.hooks.subprocess.SubprocessHook"}
{"timestamp":"2026-09-19T16:06:59.964750","level":"info","event":"\u001b[0m16:06:59  6 of 20 START sql view model staging.stg_restaurants ........................... [RUN]","logger":"airflow.task.hooks.airflow.providers.standard.hooks.subprocess.SubprocessHook"}
{"timestamp":"2026-09-19T16:07:00.069769","level":"info","event":"\u001b[0m16:07:00  3 of 20 OK created sql view model staging.stg_menu ............................. [\u001b[32mSUCCESS 1\u001b[0m in 1.92s]","logger":"airflow.task.hooks.airflow.providers.standard.hooks.subprocess.SubprocessHook"}
{"timestamp":"2026-09-19T16:07:00.092973","level":"info","event":"\u001b[0m16:07:00  7 of 20 START sql view model staging.stg_users ................................. [RUN]","logger":"airflow.task.hooks.airflow.providers.standard.hooks.subprocess.SubprocessHook"}
{"timestamp":"2026-09-19T16:07:01.067991","level":"info","event":"\u001b[0m16:07:01  1 of 20 OK created sql table model marts.dim_date .............................. [\u001b[32mSUCCESS 1\u001b[0m in 2.92s]","logger":"airflow.task.hooks.airflow.providers.standard.hooks.subprocess.SubprocessHook"}
{"timestamp":"2026-09-19T16:07:01.077002","level":"info","event":"\u001b[0m16:07:01  8 of 20 START sql table model marts.dim_food ................................... [RUN]","logger":"airflow.task.hooks.airflow.providers.standard.hooks.subprocess.SubprocessHook"}
{"timestamp":"2026-09-19T16:07:01.695088","level":"info","event":"\u001b[0m16:07:01  6 of 20 OK created sql view model staging.stg_restaurants ...................... [\u001b[32mSUCCESS 1\u001b[0m in 1.72s]","logger":"airflow.task.hooks.airflow.providers.standard.hooks.subprocess.SubprocessHook"}
{"timestamp":"2026-09-19T16:07:01.705965","level":"info","event":"\u001b[0m16:07:01  9 of 20 START sql table model marts.dim_restaurants ............................ [RUN]","logger":"airflow.task.hooks.airflow.providers.standard.hooks.subprocess.SubprocessHook"}
{"timestamp":"2026-09-19T16:07:02.814098","level":"info","event":"\u001b[0m16:07:02  7 of 20 OK created sql view model staging.stg_users ............................ [\u001b[32mSUCCESS 1\u001b[0m in 2.70s]","logger":"airflow.task.hooks.airflow.providers.standard.hooks.subprocess.SubprocessHook"}
{"timestamp":"2026-09-19T16:07:02.817102","level":"info","event":"\u001b[0m16:07:02  5 of 20 OK created sql view model staging.stg_orders ........................... [\u001b[32mSUCCESS 1\u001b[0m in 2.93s]","logger":"airflow.task.hooks.airflow.providers.standard.hooks.subprocess.SubprocessHook"}
{"timestamp":"2026-09-19T16:07:02.832791","level":"info","event":"\u001b[0m16:07:02  10 of 20 START sql view model staging.stg_reviews .............................. [RUN]","logger":"airflow.task.hooks.airflow.providers.standard.hooks.subprocess.SubprocessHook"}
{"timestamp":"2026-09-19T16:07:02.836296","level":"info","event":"\u001b[0m16:07:02  11 of 20 START sql table model marts.dim_customer .............................. [RUN]","logger":"airflow.task.hooks.airflow.providers.standard.hooks.subprocess.SubprocessHook"}
{"timestamp":"2026-09-19T16:07:03.222673","level":"info","event":"\u001b[0m16:07:03  8 of 20 OK created sql table model marts.dim_food .............................. [\u001b[32mSUCCESS 1\u001b[0m in 2.14s]","logger":"airflow.task.hooks.airflow.providers.standard.hooks.subprocess.SubprocessHook"}
{"timestamp":"2026-09-19T16:07:03.235671","level":"info","event":"\u001b[0m16:07:03  12 of 20 START sql incremental model marts.fact_order_items .................... [RUN]","logger":"airflow.task.hooks.airflow.providers.standard.hooks.subprocess.SubprocessHook"}
{"timestamp":"2026-09-19T16:07:04.093766","level":"info","event":"\u001b[0m16:07:04  9 of 20 OK created sql table model marts.dim_restaurants ....................... [\u001b[32mSUCCESS 1\u001b[0m in 2.37s]","logger":"airflow.task.hooks.airflow.providers.standard.hooks.subprocess.SubprocessHook"}
{"timestamp":"2026-09-19T16:07:04.110623","level":"info","event":"\u001b[0m16:07:04  13 of 20 START sql incremental model marts.fct_orders .......................... [RUN]","logger":"airflow.task.hooks.airflow.providers.standard.hooks.subprocess.SubprocessHook"}
{"timestamp":"2026-09-19T16:07:04.476548","level":"info","event":"\u001b[0m16:07:04  10 of 20 OK created sql view model staging.stg_reviews ......................... [\u001b[32mSUCCESS 1\u001b[0m in 1.63s]","logger":"airflow.task.hooks.airflow.providers.standard.hooks.subprocess.SubprocessHook"}
{"timestamp":"2026-09-19T16:07:04.550430","level":"info","event":"\u001b[0m16:07:04  11 of 20 OK created sql table model marts.dim_customer ......................... [\u001b[32mSUCCESS 1\u001b[0m in 1.71s]","logger":"airflow.task.hooks.airflow.providers.standard.hooks.subprocess.SubprocessHook"}
{"timestamp":"2026-09-19T16:07:06.603871","level":"info","event":"\u001b[0m16:07:06  12 of 20 OK created sql incremental model marts.fact_order_items ............... [\u001b[32mSUCCESS 0\u001b[0m in 3.36s]","logger":"airflow.task.hooks.airflow.providers.standard.hooks.subprocess.SubprocessHook"}
{"timestamp":"2026-09-19T16:07:07.724474","level":"info","event":"\u001b[0m16:07:07  13 of 20 OK created sql incremental model marts.fct_orders ..................... [\u001b[32mSUCCESS 0\u001b[0m in 3.61s]","logger":"airflow.task.hooks.airflow.providers.standard.hooks.subprocess.SubprocessHook"}
{"timestamp":"2026-09-19T16:07:07.740096","level":"info","event":"\u001b[0m16:07:07  14 of 20 START test accepted_values_fct_orders_order_status__Delivered__Cancelled__Refunded  [RUN]","logger":"airflow.task.hooks.airflow.providers.standard.hooks.subprocess.SubprocessHook"}
{"timestamp":"2026-09-19T16:07:07.751278","level":"info","event":"\u001b[0m16:07:07  15 of 20 START test not_null_fct_orders_order_id ............................... [RUN]","logger":"airflow.task.hooks.airflow.providers.standard.hooks.subprocess.SubprocessHook"}
{"timestamp":"2026-09-19T16:07:07.753581","level":"info","event":"\u001b[0m16:07:07  16 of 20 START test relationships_fct_orders_customer_id__customer_id__ref_dim_customer_  [RUN]","logger":"airflow.task.hooks.airflow.providers.standard.hooks.subprocess.SubprocessHook"}
{"timestamp":"2026-09-19T16:07:07.755797","level":"info","event":"\u001b[0m16:07:07  17 of 20 START test unique_fct_orders_order_id ................................. [RUN]","logger":"airflow.task.hooks.airflow.providers.standard.hooks.subprocess.SubprocessHook"}
{"timestamp":"2026-09-19T16:07:10.389243","level":"info","event":"\u001b[0m16:07:10  17 of 20 PASS unique_fct_orders_order_id ....................................... [\u001b[32mPASS\u001b[0m in 2.60s]","logger":"airflow.task.hooks.airflow.providers.standard.hooks.subprocess.SubprocessHook"}
{"timestamp":"2026-09-19T16:07:10.616414","level":"info","event":"\u001b[0m16:07:10  14 of 20 PASS accepted_values_fct_orders_order_status__Delivered__Cancelled__Refunded  [\u001b[32mPASS\u001b[0m in 2.85s]","logger":"airflow.task.hooks.airflow.providers.standard.hooks.subprocess.SubprocessHook"}
{"timestamp":"2026-09-19T16:07:10.618154","level":"info","event":"\u001b[0m16:07:10  16 of 20 FAIL 10000000 relationships_fct_orders_customer_id__customer_id__ref_dim_customer_  [\u001b[31mFAIL 10000000\u001b[0m in 2.83s]","logger":"airflow.task.hooks.airflow.providers.standard.hooks.subprocess.SubprocessHook"}
{"timestamp":"2026-09-19T16:07:10.631274","level":"info","event":"\u001b[0m16:07:10  15 of 20 PASS not_null_fct_orders_order_id ..................................... [\u001b[32mPASS\u001b[0m in 2.85s]","logger":"airflow.task.hooks.airflow.providers.standard.hooks.subprocess.SubprocessHook"}
{"timestamp":"2026-09-19T16:07:10.669499","level":"info","event":"\u001b[0m16:07:10  18 of 20 START sql table model marts.mart_daily_city_revenue ................... [RUN]","logger":"airflow.task.hooks.airflow.providers.standard.hooks.subprocess.SubprocessHook"}
{"timestamp":"2026-09-19T16:07:10.673124","level":"info","event":"\u001b[0m16:07:10  20 of 20 START sql table model marts.mart_restaurant_performance ............... [RUN]","logger":"airflow.task.hooks.airflow.providers.standard.hooks.subprocess.SubprocessHook"}
{"timestamp":"2026-09-19T16:07:10.676871","level":"info","event":"\u001b[0m16:07:10  19 of 20 START sql table model marts.mart_delivery_sla ......................... [RUN]","logger":"airflow.task.hooks.airflow.providers.standard.hooks.subprocess.SubprocessHook"}
{"timestamp":"2026-09-19T16:07:14.501957","level":"info","event":"\u001b[0m16:07:14  18 of 20 OK created sql table model marts.mart_daily_city_revenue .............. [\u001b[32mSUCCESS 1\u001b[0m in 3.81s]","logger":"airflow.task.hooks.airflow.providers.standard.hooks.subprocess.SubprocessHook"}
{"timestamp":"2026-09-19T16:07:14.689412","level":"info","event":"\u001b[0m16:07:14  20 of 20 OK created sql table model marts.mart_restaurant_performance .......... [\u001b[32mSUCCESS 1\u001b[0m in 4.00s]","logger":"airflow.task.hooks.airflow.providers.standard.hooks.subprocess.SubprocessHook"}
{"timestamp":"2026-09-19T16:07:14.793994","level":"info","event":"\u001b[0m16:07:14  19 of 20 OK created sql table model marts.mart_delivery_sla .................... [\u001b[32mSUCCESS 1\u001b[0m in 4.10s]","logger":"airflow.task.hooks.airflow.providers.standard.hooks.subprocess.SubprocessHook"}
{"timestamp":"2026-09-19T16:07:14.809564","level":"info","event":"\u001b[0m16:07:14","logger":"airflow.task.hooks.airflow.providers.standard.hooks.subprocess.SubprocessHook"}
{"timestamp":"2026-09-19T16:07:14.812024","level":"info","event":"\u001b[0m16:07:14  Finished running 2 incremental models, 7 table models, 4 data tests, 7 view models in 0 hours 0 minutes and 23.35 seconds (23.35s).","logger":"airflow.task.hooks.airflow.providers.standard.hooks.subprocess.SubprocessHook"}
{"timestamp":"2026-09-19T16:07:15.120212","level":"info","event":"\u001b[0m16:07:15","logger":"airflow.task.hooks.airflow.providers.standard.hooks.subprocess.SubprocessHook"}
{"timestamp":"2026-09-19T16:07:15.121607","level":"info","event":"\u001b[0m16:07:15  \u001b[31mCompleted with 1 error, 0 partial successes, and 0 warnings:\u001b[0m","logger":"airflow.task.hooks.airflow.providers.standard.hooks.subprocess.SubprocessHook"}
{"timestamp":"2026-09-19T16:07:15.123264","level":"info","event":"\u001b[0m16:07:15","logger":"airflow.task.hooks.airflow.providers.standard.hooks.subprocess.SubprocessHook"}
{"timestamp":"2026-09-19T16:07:15.124621","level":"info","event":"\u001b[0m16:07:15  [\u001b[31mERROR\u001b[0m]: in test relationships_fct_orders_customer_id__customer_id__ref_dim_customer_ (models/marts/_marts.yml)","logger":"airflow.task.hooks.airflow.providers.standard.hooks.subprocess.SubprocessHook"}
{"timestamp":"2026-09-19T16:07:15.125891","level":"info","event":"\u001b[0m16:07:15    Got 10000000 results, configured to fail if != 0","logger":"airflow.task.hooks.airflow.providers.standard.hooks.subprocess.SubprocessHook"}
{"timestamp":"2026-09-19T16:07:15.127030","level":"info","event":"\u001b[0m16:07:15","logger":"airflow.task.hooks.airflow.providers.standard.hooks.subprocess.SubprocessHook"}
{"timestamp":"2026-09-19T16:07:15.131871","level":"info","event":"\u001b[0m16:07:15    compiled code at target/compiled/zomato/models/marts/_marts.yml/relationships_fct_orders_96844cf2bcf2257acb2e513040100c8c.sql","logger":"airflow.task.hooks.airflow.providers.standard.hooks.subprocess.SubprocessHook"}
{"timestamp":"2026-09-19T16:07:15.133432","level":"info","event":"\u001b[0m16:07:15","logger":"airflow.task.hooks.airflow.providers.standard.hooks.subprocess.SubprocessHook"}
{"timestamp":"2026-09-19T16:07:15.134673","level":"info","event":"\u001b[0m16:07:15  Done. PASS=19 WARN=0 ERROR=1 SKIP=0 NO-OP=0 REUSED=0 TOTAL=20","logger":"airflow.task.hooks.airflow.providers.standard.hooks.subprocess.SubprocessHook"}
{"timestamp":"2026-09-19T16:07:18.133207","level":"info","event":"Command exited with return code 1","logger":"airflow.task.hooks.airflow.providers.standard.hooks.subprocess.SubprocessHook"}
{"timestamp":"2026-09-19T16:07:18.153347","level":"error","event":"Task failed with exception","logger":"task","error_detail":[{"exc_type":"AirflowException","exc_value":"Bash command failed. The command returned a non-zero exit code 1.","exc_notes":[],"syntax_error":null,"is_cause":false,"frames":[{"filename":"/home/airflow/.local/lib/python3.12/site-packages/airflow/sdk/execution_time/task_runner.py","lineno":877,"name":"run"},{"filename":"/home/airflow/.local/lib/python3.12/site-packages/airflow/sdk/execution_time/task_runner.py","lineno":1164,"name":"_execute_task"},{"filename":"/home/airflow/.local/lib/python3.12/site-packages/airflow/sdk/bases/operator.py","lineno":397,"name":"wrapper"},{"filename":"/home/airflow/.local/lib/python3.12/site-packages/airflow/providers/standard/operators/bash.py","lineno":232,"name":"execute"}],"is_group":false,"exceptions":[]}]}
